Archive member included to satisfy reference by file (symbol)

c:/program files (x86)/atmel/studio/7.0/toolchain/arm/arm-gnu-toolchain/bin/../lib/gcc/arm-none-eabi/6.3.1/../../../../arm-none-eabi/lib/thumb/v6-m\libc.a(lib_a-exit.o)
                              c:/program files (x86)/atmel/studio/7.0/toolchain/arm/arm-gnu-toolchain/bin/../lib/gcc/arm-none-eabi/6.3.1/../../../../arm-none-eabi/lib/thumb/v6-m/crt0.o (exit)
c:/program files (x86)/atmel/studio/7.0/toolchain/arm/arm-gnu-toolchain/bin/../lib/gcc/arm-none-eabi/6.3.1/../../../../arm-none-eabi/lib/thumb/v6-m\libc.a(lib_a-impure.o)
                              c:/program files (x86)/atmel/studio/7.0/toolchain/arm/arm-gnu-toolchain/bin/../lib/gcc/arm-none-eabi/6.3.1/../../../../arm-none-eabi/lib/thumb/v6-m\libc.a(lib_a-exit.o) (_global_impure_ptr)
c:/program files (x86)/atmel/studio/7.0/toolchain/arm/arm-gnu-toolchain/bin/../lib/gcc/arm-none-eabi/6.3.1/../../../../arm-none-eabi/lib/thumb/v6-m\libc.a(lib_a-init.o)
                              c:/program files (x86)/atmel/studio/7.0/toolchain/arm/arm-gnu-toolchain/bin/../lib/gcc/arm-none-eabi/6.3.1/../../../../arm-none-eabi/lib/thumb/v6-m/crt0.o (__libc_init_array)
c:/program files (x86)/atmel/studio/7.0/toolchain/arm/arm-gnu-toolchain/bin/../lib/gcc/arm-none-eabi/6.3.1/../../../../arm-none-eabi/lib/thumb/v6-m\libc.a(lib_a-memset.o)
                              c:/program files (x86)/atmel/studio/7.0/toolchain/arm/arm-gnu-toolchain/bin/../lib/gcc/arm-none-eabi/6.3.1/../../../../arm-none-eabi/lib/thumb/v6-m/crt0.o (memset)
c:/program files (x86)/atmel/studio/7.0/toolchain/arm/arm-gnu-toolchain/bin/../lib/gcc/arm-none-eabi/6.3.1/../../../../arm-none-eabi/lib/thumb/v6-m\libc.a(lib_a-__call_atexit.o)
                              c:/program files (x86)/atmel/studio/7.0/toolchain/arm/arm-gnu-toolchain/bin/../lib/gcc/arm-none-eabi/6.3.1/../../../../arm-none-eabi/lib/thumb/v6-m\libc.a(lib_a-exit.o) (__call_exitprocs)
c:/program files (x86)/atmel/studio/7.0/toolchain/arm/arm-gnu-toolchain/bin/../lib/gcc/arm-none-eabi/6.3.1/../../../../arm-none-eabi/lib/thumb/v6-m\libc.a(lib_a-atexit.o)
                              c:/program files (x86)/atmel/studio/7.0/toolchain/arm/arm-gnu-toolchain/bin/../lib/gcc/arm-none-eabi/6.3.1/../../../../arm-none-eabi/lib/thumb/v6-m\libc.a(lib_a-__call_atexit.o) (atexit)
c:/program files (x86)/atmel/studio/7.0/toolchain/arm/arm-gnu-toolchain/bin/../lib/gcc/arm-none-eabi/6.3.1/../../../../arm-none-eabi/lib/thumb/v6-m\libc.a(lib_a-fini.o)
                              c:/program files (x86)/atmel/studio/7.0/toolchain/arm/arm-gnu-toolchain/bin/../lib/gcc/arm-none-eabi/6.3.1/../../../../arm-none-eabi/lib/thumb/v6-m\libc.a(lib_a-__call_atexit.o) (__libc_fini_array)
c:/program files (x86)/atmel/studio/7.0/toolchain/arm/arm-gnu-toolchain/bin/../lib/gcc/arm-none-eabi/6.3.1/../../../../arm-none-eabi/lib/thumb/v6-m\libc.a(lib_a-lock.o)
                              c:/program files (x86)/atmel/studio/7.0/toolchain/arm/arm-gnu-toolchain/bin/../lib/gcc/arm-none-eabi/6.3.1/../../../../arm-none-eabi/lib/thumb/v6-m\libc.a(lib_a-__call_atexit.o) (__retarget_lock_acquire_recursive)
c:/program files (x86)/atmel/studio/7.0/toolchain/arm/arm-gnu-toolchain/bin/../lib/gcc/arm-none-eabi/6.3.1/../../../../arm-none-eabi/lib/thumb/v6-m\libc.a(lib_a-__atexit.o)
                              c:/program files (x86)/atmel/studio/7.0/toolchain/arm/arm-gnu-toolchain/bin/../lib/gcc/arm-none-eabi/6.3.1/../../../../arm-none-eabi/lib/thumb/v6-m\libc.a(lib_a-atexit.o) (__register_exitproc)

Allocating common symbols
Common symbol       size              file

__lock___atexit_recursive_mutex
                    0x1               c:/program files (x86)/atmel/studio/7.0/toolchain/arm/arm-gnu-toolchain/bin/../lib/gcc/arm-none-eabi/6.3.1/../../../../arm-none-eabi/lib/thumb/v6-m\libc.a(lib_a-lock.o)
__lock___arc4random_mutex
                    0x1               c:/program files (x86)/atmel/studio/7.0/toolchain/arm/arm-gnu-toolchain/bin/../lib/gcc/arm-none-eabi/6.3.1/../../../../arm-none-eabi/lib/thumb/v6-m\libc.a(lib_a-lock.o)
__lock___env_recursive_mutex
                    0x1               c:/program files (x86)/atmel/studio/7.0/toolchain/arm/arm-gnu-toolchain/bin/../lib/gcc/arm-none-eabi/6.3.1/../../../../arm-none-eabi/lib/thumb/v6-m\libc.a(lib_a-lock.o)
__lock___sinit_recursive_mutex
                    0x1               c:/program files (x86)/atmel/studio/7.0/toolchain/arm/arm-gnu-toolchain/bin/../lib/gcc/arm-none-eabi/6.3.1/../../../../arm-none-eabi/lib/thumb/v6-m\libc.a(lib_a-lock.o)
__lock___malloc_recursive_mutex
                    0x1               c:/program files (x86)/atmel/studio/7.0/toolchain/arm/arm-gnu-toolchain/bin/../lib/gcc/arm-none-eabi/6.3.1/../../../../arm-none-eabi/lib/thumb/v6-m\libc.a(lib_a-lock.o)
__lock___at_quick_exit_mutex
                    0x1               c:/program files (x86)/atmel/studio/7.0/toolchain/arm/arm-gnu-toolchain/bin/../lib/gcc/arm-none-eabi/6.3.1/../../../../arm-none-eabi/lib/thumb/v6-m\libc.a(lib_a-lock.o)
__lock___dd_hash_mutex
                    0x1               c:/program files (x86)/atmel/studio/7.0/toolchain/arm/arm-gnu-toolchain/bin/../lib/gcc/arm-none-eabi/6.3.1/../../../../arm-none-eabi/lib/thumb/v6-m\libc.a(lib_a-lock.o)
__lock___tz_mutex   0x1               c:/program files (x86)/atmel/studio/7.0/toolchain/arm/arm-gnu-toolchain/bin/../lib/gcc/arm-none-eabi/6.3.1/../../../../arm-none-eabi/lib/thumb/v6-m\libc.a(lib_a-lock.o)
__lock___sfp_recursive_mutex
                    0x1               c:/program files (x86)/atmel/studio/7.0/toolchain/arm/arm-gnu-toolchain/bin/../lib/gcc/arm-none-eabi/6.3.1/../../../../arm-none-eabi/lib/thumb/v6-m\libc.a(lib_a-lock.o)

Discarded input sections

 .text          0x00000000        0x0 c:/program files (x86)/atmel/studio/7.0/toolchain/arm/arm-gnu-toolchain/bin/../lib/gcc/arm-none-eabi/6.3.1/thumb/v6-m/crti.o
 .data          0x00000000        0x0 c:/program files (x86)/atmel/studio/7.0/toolchain/arm/arm-gnu-toolchain/bin/../lib/gcc/arm-none-eabi/6.3.1/thumb/v6-m/crti.o
 .bss           0x00000000        0x0 c:/program files (x86)/atmel/studio/7.0/toolchain/arm/arm-gnu-toolchain/bin/../lib/gcc/arm-none-eabi/6.3.1/thumb/v6-m/crti.o
 .data          0x00000000        0x4 c:/program files (x86)/atmel/studio/7.0/toolchain/arm/arm-gnu-toolchain/bin/../lib/gcc/arm-none-eabi/6.3.1/thumb/v6-m/crtbegin.o
 .text          0x00000000       0x78 c:/program files (x86)/atmel/studio/7.0/toolchain/arm/arm-gnu-toolchain/bin/../lib/gcc/arm-none-eabi/6.3.1/../../../../arm-none-eabi/lib/thumb/v6-m/crt0.o
 .data          0x00000000        0x0 c:/program files (x86)/atmel/studio/7.0/toolchain/arm/arm-gnu-toolchain/bin/../lib/gcc/arm-none-eabi/6.3.1/../../../../arm-none-eabi/lib/thumb/v6-m/crt0.o
 .bss           0x00000000        0x0 c:/program files (x86)/atmel/studio/7.0/toolchain/arm/arm-gnu-toolchain/bin/../lib/gcc/arm-none-eabi/6.3.1/../../../../arm-none-eabi/lib/thumb/v6-m/crt0.o
 .ARM.extab     0x00000000        0x0 c:/program files (x86)/atmel/studio/7.0/toolchain/arm/arm-gnu-toolchain/bin/../lib/gcc/arm-none-eabi/6.3.1/../../../../arm-none-eabi/lib/thumb/v6-m/crt0.o
 .ARM.exidx     0x00000000        0x8 c:/program files (x86)/atmel/studio/7.0/toolchain/arm/arm-gnu-toolchain/bin/../lib/gcc/arm-none-eabi/6.3.1/../../../../arm-none-eabi/lib/thumb/v6-m/crt0.o
 .ARM.attributes
                0x00000000       0x1b c:/program files (x86)/atmel/studio/7.0/toolchain/arm/arm-gnu-toolchain/bin/../lib/gcc/arm-none-eabi/6.3.1/../../../../arm-none-eabi/lib/thumb/v6-m/crt0.o
 .group         0x00000000        0x8 Device_Startup/startup_samc21.o
 .group         0x00000000        0x8 Device_Startup/startup_samc21.o
 .group         0x00000000        0x8 Device_Startup/startup_samc21.o
 .group         0x00000000        0x8 Device_Startup/startup_samc21.o
 .group         0x00000000        0x8 Device_Startup/startup_samc21.o
 .group         0x00000000        0x8 Device_Startup/startup_samc21.o
 .group         0x00000000        0x8 Device_Startup/startup_samc21.o
 .group         0x00000000        0x8 Device_Startup/startup_samc21.o
 .group         0x00000000        0x8 Device_Startup/startup_samc21.o
 .group         0x00000000        0x8 Device_Startup/startup_samc21.o
 .group         0x00000000        0x8 Device_Startup/startup_samc21.o
 .group         0x00000000        0x8 Device_Startup/startup_samc21.o
 .group         0x00000000        0x8 Device_Startup/startup_samc21.o
 .group         0x00000000        0x8 Device_Startup/startup_samc21.o
 .group         0x00000000        0x8 Device_Startup/startup_samc21.o
 .group         0x00000000        0x8 Device_Startup/startup_samc21.o
 .group         0x00000000        0x8 Device_Startup/startup_samc21.o
 .group         0x00000000        0x8 Device_Startup/startup_samc21.o
 .group         0x00000000        0x8 Device_Startup/startup_samc21.o
 .group         0x00000000        0x8 Device_Startup/startup_samc21.o
 .group         0x00000000        0x8 Device_Startup/startup_samc21.o
 .group         0x00000000        0x8 Device_Startup/startup_samc21.o
 .group         0x00000000        0x8 Device_Startup/startup_samc21.o
 .group         0x00000000        0x8 Device_Startup/startup_samc21.o
 .group         0x00000000        0x8 Device_Startup/startup_samc21.o
 .group         0x00000000        0x8 Device_Startup/startup_samc21.o
 .group         0x00000000        0x8 Device_Startup/startup_samc21.o
 .group         0x00000000        0x8 Device_Startup/startup_samc21.o
 .group         0x00000000        0x8 Device_Startup/startup_samc21.o
 .group         0x00000000        0x8 Device_Startup/startup_samc21.o
 .group         0x00000000        0x8 Device_Startup/startup_samc21.o
 .group         0x00000000        0x8 Device_Startup/startup_samc21.o
 .group         0x00000000        0x8 Device_Startup/startup_samc21.o
 .group         0x00000000        0x8 Device_Startup/startup_samc21.o
 .group         0x00000000        0x8 Device_Startup/startup_samc21.o
 .group         0x00000000        0x8 Device_Startup/startup_samc21.o
 .group         0x00000000        0x8 Device_Startup/startup_samc21.o
 .group         0x00000000        0x8 Device_Startup/startup_samc21.o
 .group         0x00000000        0x8 Device_Startup/startup_samc21.o
 .group         0x00000000        0x8 Device_Startup/startup_samc21.o
 .group         0x00000000        0x8 Device_Startup/startup_samc21.o
 .group         0x00000000        0x8 Device_Startup/startup_samc21.o
 .group         0x00000000        0x8 Device_Startup/startup_samc21.o
 .group         0x00000000        0x8 Device_Startup/startup_samc21.o
 .group         0x00000000        0x8 Device_Startup/startup_samc21.o
 .group         0x00000000        0x8 Device_Startup/startup_samc21.o
 .group         0x00000000        0x8 Device_Startup/startup_samc21.o
 .group         0x00000000        0x8 Device_Startup/startup_samc21.o
 .group         0x00000000        0x8 Device_Startup/startup_samc21.o
 .group         0x00000000        0x8 Device_Startup/startup_samc21.o
 .group         0x00000000        0x8 Device_Startup/startup_samc21.o
 .group         0x00000000        0x8 Device_Startup/startup_samc21.o
 .group         0x00000000        0x8 Device_Startup/startup_samc21.o
 .group         0x00000000        0x8 Device_Startup/startup_samc21.o
 .group         0x00000000        0x8 Device_Startup/startup_samc21.o
 .group         0x00000000        0x8 Device_Startup/startup_samc21.o
 .group         0x00000000        0x8 Device_Startup/startup_samc21.o
 .group         0x00000000        0x8 Device_Startup/startup_samc21.o
 .group         0x00000000        0x8 Device_Startup/startup_samc21.o
 .group         0x00000000        0x8 Device_Startup/startup_samc21.o
 .group         0x00000000        0x8 Device_Startup/startup_samc21.o
 .group         0x00000000        0x8 Device_Startup/startup_samc21.o
 .group         0x00000000        0x8 Device_Startup/startup_samc21.o
 .group         0x00000000        0x8 Device_Startup/startup_samc21.o
 .group         0x00000000        0x8 Device_Startup/startup_samc21.o
 .group         0x00000000        0x8 Device_Startup/startup_samc21.o
 .group         0x00000000        0x8 Device_Startup/startup_samc21.o
 .group         0x00000000        0x8 Device_Startup/startup_samc21.o
 .group         0x00000000        0x8 Device_Startup/startup_samc21.o
 .group         0x00000000        0x8 Device_Startup/startup_samc21.o
 .group         0x00000000        0x8 Device_Startup/startup_samc21.o
 .group         0x00000000        0x8 Device_Startup/startup_samc21.o
 .group         0x00000000        0x8 Device_Startup/startup_samc21.o
 .group         0x00000000        0x8 Device_Startup/startup_samc21.o
 .group         0x00000000        0x8 Device_Startup/startup_samc21.o
 .group         0x00000000        0x8 Device_Startup/startup_samc21.o
 .group         0x00000000        0x8 Device_Startup/startup_samc21.o
 .group         0x00000000        0x8 Device_Startup/startup_samc21.o
 .group         0x00000000        0x8 Device_Startup/startup_samc21.o
 .group         0x00000000        0x8 Device_Startup/startup_samc21.o
 .group         0x00000000        0x8 Device_Startup/startup_samc21.o
 .group         0x00000000        0x8 Device_Startup/startup_samc21.o
 .group         0x00000000        0x8 Device_Startup/startup_samc21.o
 .group         0x00000000        0x8 Device_Startup/startup_samc21.o
 .group         0x00000000        0x8 Device_Startup/startup_samc21.o
 .group         0x00000000        0x8 Device_Startup/startup_samc21.o
 .group         0x00000000        0x8 Device_Startup/startup_samc21.o
 .text          0x00000000        0x0 Device_Startup/startup_samc21.o
 .data          0x00000000        0x0 Device_Startup/startup_samc21.o
 .bss           0x00000000        0x0 Device_Startup/startup_samc21.o
 .group         0x00000000        0x8 Device_Startup/system_samc21.o
 .group         0x00000000        0x8 Device_Startup/system_samc21.o
 .group         0x00000000        0x8 Device_Startup/system_samc21.o
 .group         0x00000000        0x8 Device_Startup/system_samc21.o
 .group         0x00000000        0x8 Device_Startup/system_samc21.o
 .group         0x00000000        0x8 Device_Startup/system_samc21.o
 .group         0x00000000        0x8 Device_Startup/system_samc21.o
 .group         0x00000000        0x8 Device_Startup/system_samc21.o
 .group         0x00000000        0x8 Device_Startup/system_samc21.o
 .group         0x00000000        0x8 Device_Startup/system_samc21.o
 .group         0x00000000        0x8 Device_Startup/system_samc21.o
 .group         0x00000000        0x8 Device_Startup/system_samc21.o
 .group         0x00000000        0x8 Device_Startup/system_samc21.o
 .group         0x00000000        0x8 Device_Startup/system_samc21.o
 .group         0x00000000        0x8 Device_Startup/system_samc21.o
 .group         0x00000000        0x8 Device_Startup/system_samc21.o
 .group         0x00000000        0x8 Device_Startup/system_samc21.o
 .group         0x00000000        0x8 Device_Startup/system_samc21.o
 .group         0x00000000        0x8 Device_Startup/system_samc21.o
 .group         0x00000000        0x8 Device_Startup/system_samc21.o
 .group         0x00000000        0x8 Device_Startup/system_samc21.o
 .group         0x00000000        0x8 Device_Startup/system_samc21.o
 .group         0x00000000        0x8 Device_Startup/system_samc21.o
 .group         0x00000000        0x8 Device_Startup/system_samc21.o
 .group         0x00000000        0x8 Device_Startup/system_samc21.o
 .group         0x00000000        0x8 Device_Startup/system_samc21.o
 .group         0x00000000        0x8 Device_Startup/system_samc21.o
 .group         0x00000000        0x8 Device_Startup/system_samc21.o
 .group         0x00000000        0x8 Device_Startup/system_samc21.o
 .group         0x00000000        0x8 Device_Startup/system_samc21.o
 .group         0x00000000        0x8 Device_Startup/system_samc21.o
 .group         0x00000000        0x8 Device_Startup/system_samc21.o
 .group         0x00000000        0x8 Device_Startup/system_samc21.o
 .group         0x00000000        0x8 Device_Startup/system_samc21.o
 .group         0x00000000        0x8 Device_Startup/system_samc21.o
 .group         0x00000000        0x8 Device_Startup/system_samc21.o
 .group         0x00000000        0x8 Device_Startup/system_samc21.o
 .group         0x00000000        0x8 Device_Startup/system_samc21.o
 .group         0x00000000        0x8 Device_Startup/system_samc21.o
 .group         0x00000000        0x8 Device_Startup/system_samc21.o
 .group         0x00000000        0x8 Device_Startup/system_samc21.o
 .group         0x00000000        0x8 Device_Startup/system_samc21.o
 .group         0x00000000        0x8 Device_Startup/system_samc21.o
 .group         0x00000000        0x8 Device_Startup/system_samc21.o
 .group         0x00000000        0x8 Device_Startup/system_samc21.o
 .group         0x00000000        0x8 Device_Startup/system_samc21.o
 .group         0x00000000        0x8 Device_Startup/system_samc21.o
 .group         0x00000000        0x8 Device_Startup/system_samc21.o
 .group         0x00000000        0x8 Device_Startup/system_samc21.o
 .group         0x00000000        0x8 Device_Startup/system_samc21.o
 .group         0x00000000        0x8 Device_Startup/system_samc21.o
 .group         0x00000000        0x8 Device_Startup/system_samc21.o
 .group         0x00000000        0x8 Device_Startup/system_samc21.o
 .group         0x00000000        0x8 Device_Startup/system_samc21.o
 .group         0x00000000        0x8 Device_Startup/system_samc21.o
 .group         0x00000000        0x8 Device_Startup/system_samc21.o
 .group         0x00000000        0x8 Device_Startup/system_samc21.o
 .group         0x00000000        0x8 Device_Startup/system_samc21.o
 .group         0x00000000        0x8 Device_Startup/system_samc21.o
 .group         0x00000000        0x8 Device_Startup/system_samc21.o
 .group         0x00000000        0x8 Device_Startup/system_samc21.o
 .group         0x00000000        0x8 Device_Startup/system_samc21.o
 .group         0x00000000        0x8 Device_Startup/system_samc21.o
 .group         0x00000000        0x8 Device_Startup/system_samc21.o
 .group         0x00000000        0x8 Device_Startup/system_samc21.o
 .group         0x00000000        0x8 Device_Startup/system_samc21.o
 .group         0x00000000        0x8 Device_Startup/system_samc21.o
 .group         0x00000000        0x8 Device_Startup/system_samc21.o
 .group         0x00000000        0x8 Device_Startup/system_samc21.o
 .group         0x00000000        0x8 Device_Startup/system_samc21.o
 .group         0x00000000        0x8 Device_Startup/system_samc21.o
 .group         0x00000000        0x8 Device_Startup/system_samc21.o
 .group         0x00000000        0x8 Device_Startup/system_samc21.o
 .group         0x00000000        0x8 Device_Startup/system_samc21.o
 .group         0x00000000        0x8 Device_Startup/system_samc21.o
 .group         0x00000000        0x8 Device_Startup/system_samc21.o
 .group         0x00000000        0x8 Device_Startup/system_samc21.o
 .group         0x00000000        0x8 Device_Startup/system_samc21.o
 .group         0x00000000        0x8 Device_Startup/system_samc21.o
 .group         0x00000000        0x8 Device_Startup/system_samc21.o
 .group         0x00000000        0x8 Device_Startup/system_samc21.o
 .group         0x00000000        0x8 Device_Startup/system_samc21.o
 .group         0x00000000        0x8 Device_Startup/system_samc21.o
 .group         0x00000000        0x8 Device_Startup/system_samc21.o
 .group         0x00000000        0x8 Device_Startup/system_samc21.o
 .group         0x00000000        0x8 Device_Startup/system_samc21.o
 .group         0x00000000        0x8 Device_Startup/system_samc21.o
 .text          0x00000000        0x0 Device_Startup/system_samc21.o
 .bss           0x00000000        0x0 Device_Startup/system_samc21.o
 .text.SystemCoreClockUpdate
                0x00000000       0x10 Device_Startup/system_samc21.o
 .debug_macro   0x00000000      0x89e Device_Startup/system_samc21.o
 .debug_macro   0x00000000       0x22 Device_Startup/system_samc21.o
 .debug_macro   0x00000000       0x87 Device_Startup/system_samc21.o
 .debug_macro   0x00000000       0x51 Device_Startup/system_samc21.o
 .debug_macro   0x00000000       0xef Device_Startup/system_samc21.o
 .debug_macro   0x00000000       0x6a Device_Startup/system_samc21.o
 .debug_macro   0x00000000      0x1df Device_Startup/system_samc21.o
 .debug_macro   0x00000000       0x39 Device_Startup/system_samc21.o
 .debug_macro   0x00000000       0x1c Device_Startup/system_samc21.o
 .debug_macro   0x00000000       0x22 Device_Startup/system_samc21.o
 .debug_macro   0x00000000       0xb5 Device_Startup/system_samc21.o
 .debug_macro   0x00000000      0x4da Device_Startup/system_samc21.o
 .debug_macro   0x00000000      0x11f Device_Startup/system_samc21.o
 .debug_macro   0x00000000      0x897 Device_Startup/system_samc21.o
 .debug_macro   0x00000000      0x8c0 Device_Startup/system_samc21.o
 .debug_macro   0x00000000     0x2d61 Device_Startup/system_samc21.o
 .debug_macro   0x00000000      0x21e Device_Startup/system_samc21.o
 .debug_macro   0x00000000      0x282 Device_Startup/system_samc21.o
 .debug_macro   0x00000000      0x130 Device_Startup/system_samc21.o
 .debug_macro   0x00000000      0xd32 Device_Startup/system_samc21.o
 .debug_macro   0x00000000      0x61f Device_Startup/system_samc21.o
 .debug_macro   0x00000000      0x5be Device_Startup/system_samc21.o
 .debug_macro   0x00000000      0x824 Device_Startup/system_samc21.o
 .debug_macro   0x00000000      0x172 Device_Startup/system_samc21.o
 .debug_macro   0x00000000      0x306 Device_Startup/system_samc21.o
 .debug_macro   0x00000000      0x55f Device_Startup/system_samc21.o
 .debug_macro   0x00000000      0x421 Device_Startup/system_samc21.o
 .debug_macro   0x00000000      0x21c Device_Startup/system_samc21.o
 .debug_macro   0x00000000      0x719 Device_Startup/system_samc21.o
 .debug_macro   0x00000000      0x5ab Device_Startup/system_samc21.o
 .debug_macro   0x00000000      0x335 Device_Startup/system_samc21.o
 .debug_macro   0x00000000      0x68d Device_Startup/system_samc21.o
 .debug_macro   0x00000000       0xc4 Device_Startup/system_samc21.o
 .debug_macro   0x00000000      0x340 Device_Startup/system_samc21.o
 .debug_macro   0x00000000       0x6a Device_Startup/system_samc21.o
 .debug_macro   0x00000000     0x124b Device_Startup/system_samc21.o
 .debug_macro   0x00000000      0x5a5 Device_Startup/system_samc21.o
 .debug_macro   0x00000000      0xfc4 Device_Startup/system_samc21.o
 .debug_macro   0x00000000      0x59e Device_Startup/system_samc21.o
 .debug_macro   0x00000000      0x8ae Device_Startup/system_samc21.o
 .debug_macro   0x00000000     0x19be Device_Startup/system_samc21.o
 .debug_macro   0x00000000      0x39c Device_Startup/system_samc21.o
 .debug_macro   0x00000000      0x36a Device_Startup/system_samc21.o
 .debug_macro   0x00000000       0x94 Device_Startup/system_samc21.o
 .debug_macro   0x00000000       0xac Device_Startup/system_samc21.o
 .debug_macro   0x00000000       0xac Device_Startup/system_samc21.o
 .debug_macro   0x00000000      0x149 Device_Startup/system_samc21.o
 .debug_macro   0x00000000       0x4c Device_Startup/system_samc21.o
 .debug_macro   0x00000000       0x58 Device_Startup/system_samc21.o
 .debug_macro   0x00000000       0x3a Device_Startup/system_samc21.o
 .debug_macro   0x00000000       0xd6 Device_Startup/system_samc21.o
 .debug_macro   0x00000000       0xb8 Device_Startup/system_samc21.o
 .debug_macro   0x00000000       0x64 Device_Startup/system_samc21.o
 .debug_macro   0x00000000      0x5d7 Device_Startup/system_samc21.o
 .debug_macro   0x00000000       0x4c Device_Startup/system_samc21.o
 .debug_macro   0x00000000      0x1be Device_Startup/system_samc21.o
 .debug_macro   0x00000000      0x184 Device_Startup/system_samc21.o
 .debug_macro   0x00000000       0x52 Device_Startup/system_samc21.o
 .debug_macro   0x00000000       0xa0 Device_Startup/system_samc21.o
 .debug_macro   0x00000000       0xd6 Device_Startup/system_samc21.o
 .debug_macro   0x00000000       0x94 Device_Startup/system_samc21.o
 .debug_macro   0x00000000       0x4c Device_Startup/system_samc21.o
 .debug_macro   0x00000000       0x64 Device_Startup/system_samc21.o
 .debug_macro   0x00000000       0x22 Device_Startup/system_samc21.o
 .debug_macro   0x00000000      0x16c Device_Startup/system_samc21.o
 .debug_macro   0x00000000       0x2e Device_Startup/system_samc21.o
 .debug_macro   0x00000000       0x16 Device_Startup/system_samc21.o
 .debug_macro   0x00000000       0xd6 Device_Startup/system_samc21.o
 .debug_macro   0x00000000       0xa0 Device_Startup/system_samc21.o
 .debug_macro   0x00000000      0x133 Device_Startup/system_samc21.o
 .debug_macro   0x00000000      0x133 Device_Startup/system_samc21.o
 .debug_macro   0x00000000      0x133 Device_Startup/system_samc21.o
 .debug_macro   0x00000000      0x133 Device_Startup/system_samc21.o
 .debug_macro   0x00000000       0x4c Device_Startup/system_samc21.o
 .debug_macro   0x00000000       0xfa Device_Startup/system_samc21.o
 .debug_macro   0x00000000       0xfa Device_Startup/system_samc21.o
 .debug_macro   0x00000000       0xfa Device_Startup/system_samc21.o
 .debug_macro   0x00000000       0xfa Device_Startup/system_samc21.o
 .debug_macro   0x00000000       0xfa Device_Startup/system_samc21.o
 .debug_macro   0x00000000      0x124 Device_Startup/system_samc21.o
 .debug_macro   0x00000000       0xfa Device_Startup/system_samc21.o
 .debug_macro   0x00000000       0xee Device_Startup/system_samc21.o
 .debug_macro   0x00000000       0x76 Device_Startup/system_samc21.o
 .debug_macro   0x00000000       0x3a Device_Startup/system_samc21.o
 .debug_macro   0x00000000      0x441 Device_Startup/system_samc21.o
 .debug_macro   0x00000000     0x140b Device_Startup/system_samc21.o
 .debug_macro   0x00000000       0x82 Device_Startup/system_samc21.o
 .group         0x00000000        0x8 main.o
 .group         0x00000000        0x8 main.o
 .group         0x00000000        0x8 main.o
 .group         0x00000000        0x8 main.o
 .group         0x00000000        0x8 main.o
 .group         0x00000000        0x8 main.o
 .group         0x00000000        0x8 main.o
 .group         0x00000000        0x8 main.o
 .group         0x00000000        0x8 main.o
 .group         0x00000000        0x8 main.o
 .group         0x00000000        0x8 main.o
 .group         0x00000000        0x8 main.o
 .group         0x00000000        0x8 main.o
 .group         0x00000000        0x8 main.o
 .group         0x00000000        0x8 main.o
 .group         0x00000000        0x8 main.o
 .group         0x00000000        0x8 main.o
 .group         0x00000000        0x8 main.o
 .group         0x00000000        0x8 main.o
 .group         0x00000000        0x8 main.o
 .group         0x00000000        0x8 main.o
 .group         0x00000000        0x8 main.o
 .group         0x00000000        0x8 main.o
 .group         0x00000000        0x8 main.o
 .group         0x00000000        0x8 main.o
 .group         0x00000000        0x8 main.o
 .group         0x00000000        0x8 main.o
 .group         0x00000000        0x8 main.o
 .group         0x00000000        0x8 main.o
 .group         0x00000000        0x8 main.o
 .group         0x00000000        0x8 main.o
 .group         0x00000000        0x8 main.o
 .group         0x00000000        0x8 main.o
 .group         0x00000000        0x8 main.o
 .group         0x00000000        0x8 main.o
 .group         0x00000000        0x8 main.o
 .group         0x00000000        0x8 main.o
 .group         0x00000000        0x8 main.o
 .group         0x00000000        0x8 main.o
 .group         0x00000000        0x8 main.o
 .group         0x00000000        0x8 main.o
 .group         0x00000000        0x8 main.o
 .group         0x00000000        0x8 main.o
 .group         0x00000000        0x8 main.o
 .group         0x00000000        0x8 main.o
 .group         0x00000000        0x8 main.o
 .group         0x00000000        0x8 main.o
 .group         0x00000000        0x8 main.o
 .group         0x00000000        0x8 main.o
 .group         0x00000000        0x8 main.o
 .group         0x00000000        0x8 main.o
 .group         0x00000000        0x8 main.o
 .group         0x00000000        0x8 main.o
 .group         0x00000000        0x8 main.o
 .group         0x00000000        0x8 main.o
 .group         0x00000000        0x8 main.o
 .group         0x00000000        0x8 main.o
 .group         0x00000000        0x8 main.o
 .group         0x00000000        0x8 main.o
 .group         0x00000000        0x8 main.o
 .group         0x00000000        0x8 main.o
 .group         0x00000000        0x8 main.o
 .group         0x00000000        0x8 main.o
 .group         0x00000000        0x8 main.o
 .group         0x00000000        0x8 main.o
 .group         0x00000000        0x8 main.o
 .group         0x00000000        0x8 main.o
 .group         0x00000000        0x8 main.o
 .group         0x00000000        0x8 main.o
 .group         0x00000000        0x8 main.o
 .group         0x00000000        0x8 main.o
 .group         0x00000000        0x8 main.o
 .group         0x00000000        0x8 main.o
 .group         0x00000000        0x8 main.o
 .group         0x00000000        0x8 main.o
 .group         0x00000000        0x8 main.o
 .group         0x00000000        0x8 main.o
 .group         0x00000000        0x8 main.o
 .group         0x00000000        0x8 main.o
 .group         0x00000000        0x8 main.o
 .group         0x00000000        0x8 main.o
 .group         0x00000000        0x8 main.o
 .group         0x00000000        0x8 main.o
 .group         0x00000000        0x8 main.o
 .group         0x00000000        0x8 main.o
 .group         0x00000000        0x8 main.o
 .group         0x00000000        0x8 main.o
 .text          0x00000000        0x0 main.o
 .data          0x00000000        0x0 main.o
 .bss           0x00000000        0x0 main.o
 .debug_macro   0x00000000      0x89e main.o
 .debug_macro   0x00000000       0x22 main.o
 .debug_macro   0x00000000       0x87 main.o
 .debug_macro   0x00000000       0x51 main.o
 .debug_macro   0x00000000       0xef main.o
 .debug_macro   0x00000000       0x6a main.o
 .debug_macro   0x00000000      0x1df main.o
 .debug_macro   0x00000000       0x39 main.o
 .debug_macro   0x00000000       0x1c main.o
 .debug_macro   0x00000000       0x22 main.o
 .debug_macro   0x00000000       0xb5 main.o
 .debug_macro   0x00000000      0x4da main.o
 .debug_macro   0x00000000      0x11f main.o
 .debug_macro   0x00000000      0x897 main.o
 .debug_macro   0x00000000      0x8c0 main.o
 .debug_macro   0x00000000     0x2d61 main.o
 .debug_macro   0x00000000      0x21e main.o
 .debug_macro   0x00000000      0x282 main.o
 .debug_macro   0x00000000      0x130 main.o
 .debug_macro   0x00000000      0xd32 main.o
 .debug_macro   0x00000000      0x61f main.o
 .debug_macro   0x00000000      0x5be main.o
 .debug_macro   0x00000000      0x824 main.o
 .debug_macro   0x00000000      0x172 main.o
 .debug_macro   0x00000000      0x306 main.o
 .debug_macro   0x00000000      0x55f main.o
 .debug_macro   0x00000000      0x421 main.o
 .debug_macro   0x00000000      0x21c main.o
 .debug_macro   0x00000000      0x719 main.o
 .debug_macro   0x00000000      0x5ab main.o
 .debug_macro   0x00000000      0x335 main.o
 .debug_macro   0x00000000      0x68d main.o
 .debug_macro   0x00000000       0xc4 main.o
 .debug_macro   0x00000000      0x340 main.o
 .debug_macro   0x00000000       0x6a main.o
 .debug_macro   0x00000000     0x124b main.o
 .debug_macro   0x00000000      0x5a5 main.o
 .debug_macro   0x00000000      0xfc4 main.o
 .debug_macro   0x00000000      0x59e main.o
 .debug_macro   0x00000000      0x8ae main.o
 .debug_macro   0x00000000     0x19be main.o
 .debug_macro   0x00000000      0x39c main.o
 .debug_macro   0x00000000      0x36a main.o
 .debug_macro   0x00000000       0x94 main.o
 .debug_macro   0x00000000       0xac main.o
 .debug_macro   0x00000000       0xac main.o
 .debug_macro   0x00000000      0x149 main.o
 .debug_macro   0x00000000       0x4c main.o
 .debug_macro   0x00000000       0x58 main.o
 .debug_macro   0x00000000       0x3a main.o
 .debug_macro   0x00000000       0xd6 main.o
 .debug_macro   0x00000000       0xb8 main.o
 .debug_macro   0x00000000       0x64 main.o
 .debug_macro   0x00000000      0x5d7 main.o
 .debug_macro   0x00000000       0x4c main.o
 .debug_macro   0x00000000      0x1be main.o
 .debug_macro   0x00000000      0x184 main.o
 .debug_macro   0x00000000       0x52 main.o
 .debug_macro   0x00000000       0xa0 main.o
 .debug_macro   0x00000000       0xd6 main.o
 .debug_macro   0x00000000       0x94 main.o
 .debug_macro   0x00000000       0x4c main.o
 .debug_macro   0x00000000       0x64 main.o
 .debug_macro   0x00000000       0x22 main.o
 .debug_macro   0x00000000      0x16c main.o
 .debug_macro   0x00000000       0x2e main.o
 .debug_macro   0x00000000       0x16 main.o
 .debug_macro   0x00000000       0xd6 main.o
 .debug_macro   0x00000000       0xa0 main.o
 .debug_macro   0x00000000      0x133 main.o
 .debug_macro   0x00000000      0x133 main.o
 .debug_macro   0x00000000      0x133 main.o
 .debug_macro   0x00000000      0x133 main.o
 .debug_macro   0x00000000       0x4c main.o
 .debug_macro   0x00000000       0xfa main.o
 .debug_macro   0x00000000       0xfa main.o
 .debug_macro   0x00000000       0xfa main.o
 .debug_macro   0x00000000       0xfa main.o
 .debug_macro   0x00000000       0xfa main.o
 .debug_macro   0x00000000      0x124 main.o
 .debug_macro   0x00000000       0xfa main.o
 .debug_macro   0x00000000       0xee main.o
 .debug_macro   0x00000000       0x76 main.o
 .debug_macro   0x00000000       0x3a main.o
 .debug_macro   0x00000000      0x441 main.o
 .debug_macro   0x00000000     0x140b main.o
 .debug_macro   0x00000000       0x82 main.o
 .text          0x00000000        0x0 c:/program files (x86)/atmel/studio/7.0/toolchain/arm/arm-gnu-toolchain/bin/../lib/gcc/arm-none-eabi/6.3.1/../../../../arm-none-eabi/lib/thumb/v6-m\libc.a(lib_a-exit.o)
 .data          0x00000000        0x0 c:/program files (x86)/atmel/studio/7.0/toolchain/arm/arm-gnu-toolchain/bin/../lib/gcc/arm-none-eabi/6.3.1/../../../../arm-none-eabi/lib/thumb/v6-m\libc.a(lib_a-exit.o)
 .bss           0x00000000        0x0 c:/program files (x86)/atmel/studio/7.0/toolchain/arm/arm-gnu-toolchain/bin/../lib/gcc/arm-none-eabi/6.3.1/../../../../arm-none-eabi/lib/thumb/v6-m\libc.a(lib_a-exit.o)
 .text.exit     0x00000000       0x20 c:/program files (x86)/atmel/studio/7.0/toolchain/arm/arm-gnu-toolchain/bin/../lib/gcc/arm-none-eabi/6.3.1/../../../../arm-none-eabi/lib/thumb/v6-m\libc.a(lib_a-exit.o)
 .debug_frame   0x00000000       0x28 c:/program files (x86)/atmel/studio/7.0/toolchain/arm/arm-gnu-toolchain/bin/../lib/gcc/arm-none-eabi/6.3.1/../../../../arm-none-eabi/lib/thumb/v6-m\libc.a(lib_a-exit.o)
 .ARM.attributes
                0x00000000       0x2c c:/program files (x86)/atmel/studio/7.0/toolchain/arm/arm-gnu-toolchain/bin/../lib/gcc/arm-none-eabi/6.3.1/../../../../arm-none-eabi/lib/thumb/v6-m\libc.a(lib_a-exit.o)
 .text          0x00000000        0x0 c:/program files (x86)/atmel/studio/7.0/toolchain/arm/arm-gnu-toolchain/bin/../lib/gcc/arm-none-eabi/6.3.1/../../../../arm-none-eabi/lib/thumb/v6-m\libc.a(lib_a-impure.o)
 .data          0x00000000        0x0 c:/program files (x86)/atmel/studio/7.0/toolchain/arm/arm-gnu-toolchain/bin/../lib/gcc/arm-none-eabi/6.3.1/../../../../arm-none-eabi/lib/thumb/v6-m\libc.a(lib_a-impure.o)
 .bss           0x00000000        0x0 c:/program files (x86)/atmel/studio/7.0/toolchain/arm/arm-gnu-toolchain/bin/../lib/gcc/arm-none-eabi/6.3.1/../../../../arm-none-eabi/lib/thumb/v6-m\libc.a(lib_a-impure.o)
 .data._impure_ptr
                0x00000000        0x4 c:/program files (x86)/atmel/studio/7.0/toolchain/arm/arm-gnu-toolchain/bin/../lib/gcc/arm-none-eabi/6.3.1/../../../../arm-none-eabi/lib/thumb/v6-m\libc.a(lib_a-impure.o)
 .text          0x00000000        0x0 c:/program files (x86)/atmel/studio/7.0/toolchain/arm/arm-gnu-toolchain/bin/../lib/gcc/arm-none-eabi/6.3.1/../../../../arm-none-eabi/lib/thumb/v6-m\libc.a(lib_a-init.o)
 .data          0x00000000        0x0 c:/program files (x86)/atmel/studio/7.0/toolchain/arm/arm-gnu-toolchain/bin/../lib/gcc/arm-none-eabi/6.3.1/../../../../arm-none-eabi/lib/thumb/v6-m\libc.a(lib_a-init.o)
 .bss           0x00000000        0x0 c:/program files (x86)/atmel/studio/7.0/toolchain/arm/arm-gnu-toolchain/bin/../lib/gcc/arm-none-eabi/6.3.1/../../../../arm-none-eabi/lib/thumb/v6-m\libc.a(lib_a-init.o)
 .text          0x00000000        0x0 c:/program files (x86)/atmel/studio/7.0/toolchain/arm/arm-gnu-toolchain/bin/../lib/gcc/arm-none-eabi/6.3.1/../../../../arm-none-eabi/lib/thumb/v6-m\libc.a(lib_a-memset.o)
 .data          0x00000000        0x0 c:/program files (x86)/atmel/studio/7.0/toolchain/arm/arm-gnu-toolchain/bin/../lib/gcc/arm-none-eabi/6.3.1/../../../../arm-none-eabi/lib/thumb/v6-m\libc.a(lib_a-memset.o)
 .bss           0x00000000        0x0 c:/program files (x86)/atmel/studio/7.0/toolchain/arm/arm-gnu-toolchain/bin/../lib/gcc/arm-none-eabi/6.3.1/../../../../arm-none-eabi/lib/thumb/v6-m\libc.a(lib_a-memset.o)
 .text.memset   0x00000000       0x94 c:/program files (x86)/atmel/studio/7.0/toolchain/arm/arm-gnu-toolchain/bin/../lib/gcc/arm-none-eabi/6.3.1/../../../../arm-none-eabi/lib/thumb/v6-m\libc.a(lib_a-memset.o)
 .debug_frame   0x00000000       0x30 c:/program files (x86)/atmel/studio/7.0/toolchain/arm/arm-gnu-toolchain/bin/../lib/gcc/arm-none-eabi/6.3.1/../../../../arm-none-eabi/lib/thumb/v6-m\libc.a(lib_a-memset.o)
 .ARM.attributes
                0x00000000       0x2c c:/program files (x86)/atmel/studio/7.0/toolchain/arm/arm-gnu-toolchain/bin/../lib/gcc/arm-none-eabi/6.3.1/../../../../arm-none-eabi/lib/thumb/v6-m\libc.a(lib_a-memset.o)
 .text          0x00000000        0x0 c:/program files (x86)/atmel/studio/7.0/toolchain/arm/arm-gnu-toolchain/bin/../lib/gcc/arm-none-eabi/6.3.1/../../../../arm-none-eabi/lib/thumb/v6-m\libc.a(lib_a-__call_atexit.o)
 .data          0x00000000        0x0 c:/program files (x86)/atmel/studio/7.0/toolchain/arm/arm-gnu-toolchain/bin/../lib/gcc/arm-none-eabi/6.3.1/../../../../arm-none-eabi/lib/thumb/v6-m\libc.a(lib_a-__call_atexit.o)
 .bss           0x00000000        0x0 c:/program files (x86)/atmel/studio/7.0/toolchain/arm/arm-gnu-toolchain/bin/../lib/gcc/arm-none-eabi/6.3.1/../../../../arm-none-eabi/lib/thumb/v6-m\libc.a(lib_a-__call_atexit.o)
 .text.__call_exitprocs
                0x00000000      0x110 c:/program files (x86)/atmel/studio/7.0/toolchain/arm/arm-gnu-toolchain/bin/../lib/gcc/arm-none-eabi/6.3.1/../../../../arm-none-eabi/lib/thumb/v6-m\libc.a(lib_a-__call_atexit.o)
 .text          0x00000000        0x0 c:/program files (x86)/atmel/studio/7.0/toolchain/arm/arm-gnu-toolchain/bin/../lib/gcc/arm-none-eabi/6.3.1/../../../../arm-none-eabi/lib/thumb/v6-m\libc.a(lib_a-atexit.o)
 .data          0x00000000        0x0 c:/program files (x86)/atmel/studio/7.0/toolchain/arm/arm-gnu-toolchain/bin/../lib/gcc/arm-none-eabi/6.3.1/../../../../arm-none-eabi/lib/thumb/v6-m\libc.a(lib_a-atexit.o)
 .bss           0x00000000        0x0 c:/program files (x86)/atmel/studio/7.0/toolchain/arm/arm-gnu-toolchain/bin/../lib/gcc/arm-none-eabi/6.3.1/../../../../arm-none-eabi/lib/thumb/v6-m\libc.a(lib_a-atexit.o)
 .text          0x00000000        0x0 c:/program files (x86)/atmel/studio/7.0/toolchain/arm/arm-gnu-toolchain/bin/../lib/gcc/arm-none-eabi/6.3.1/../../../../arm-none-eabi/lib/thumb/v6-m\libc.a(lib_a-fini.o)
 .data          0x00000000        0x0 c:/program files (x86)/atmel/studio/7.0/toolchain/arm/arm-gnu-toolchain/bin/../lib/gcc/arm-none-eabi/6.3.1/../../../../arm-none-eabi/lib/thumb/v6-m\libc.a(lib_a-fini.o)
 .bss           0x00000000        0x0 c:/program files (x86)/atmel/studio/7.0/toolchain/arm/arm-gnu-toolchain/bin/../lib/gcc/arm-none-eabi/6.3.1/../../../../arm-none-eabi/lib/thumb/v6-m\libc.a(lib_a-fini.o)
 .text          0x00000000        0x0 c:/program files (x86)/atmel/studio/7.0/toolchain/arm/arm-gnu-toolchain/bin/../lib/gcc/arm-none-eabi/6.3.1/../../../../arm-none-eabi/lib/thumb/v6-m\libc.a(lib_a-lock.o)
 .data          0x00000000        0x0 c:/program files (x86)/atmel/studio/7.0/toolchain/arm/arm-gnu-toolchain/bin/../lib/gcc/arm-none-eabi/6.3.1/../../../../arm-none-eabi/lib/thumb/v6-m\libc.a(lib_a-lock.o)
 .bss           0x00000000        0x0 c:/program files (x86)/atmel/studio/7.0/toolchain/arm/arm-gnu-toolchain/bin/../lib/gcc/arm-none-eabi/6.3.1/../../../../arm-none-eabi/lib/thumb/v6-m\libc.a(lib_a-lock.o)
 .text.__retarget_lock_init
                0x00000000        0x4 c:/program files (x86)/atmel/studio/7.0/toolchain/arm/arm-gnu-toolchain/bin/../lib/gcc/arm-none-eabi/6.3.1/../../../../arm-none-eabi/lib/thumb/v6-m\libc.a(lib_a-lock.o)
 .text.__retarget_lock_init_recursive
                0x00000000        0x4 c:/program files (x86)/atmel/studio/7.0/toolchain/arm/arm-gnu-toolchain/bin/../lib/gcc/arm-none-eabi/6.3.1/../../../../arm-none-eabi/lib/thumb/v6-m\libc.a(lib_a-lock.o)
 .text.__retarget_lock_close
                0x00000000        0x4 c:/program files (x86)/atmel/studio/7.0/toolchain/arm/arm-gnu-toolchain/bin/../lib/gcc/arm-none-eabi/6.3.1/../../../../arm-none-eabi/lib/thumb/v6-m\libc.a(lib_a-lock.o)
 .text.__retarget_lock_close_recursive
                0x00000000        0x4 c:/program files (x86)/atmel/studio/7.0/toolchain/arm/arm-gnu-toolchain/bin/../lib/gcc/arm-none-eabi/6.3.1/../../../../arm-none-eabi/lib/thumb/v6-m\libc.a(lib_a-lock.o)
 .text.__retarget_lock_acquire
                0x00000000        0x4 c:/program files (x86)/atmel/studio/7.0/toolchain/arm/arm-gnu-toolchain/bin/../lib/gcc/arm-none-eabi/6.3.1/../../../../arm-none-eabi/lib/thumb/v6-m\libc.a(lib_a-lock.o)
 .text.__retarget_lock_try_acquire
                0x00000000        0x4 c:/program files (x86)/atmel/studio/7.0/toolchain/arm/arm-gnu-toolchain/bin/../lib/gcc/arm-none-eabi/6.3.1/../../../../arm-none-eabi/lib/thumb/v6-m\libc.a(lib_a-lock.o)
 .text.__retarget_lock_try_acquire_recursive
                0x00000000        0x4 c:/program files (x86)/atmel/studio/7.0/toolchain/arm/arm-gnu-toolchain/bin/../lib/gcc/arm-none-eabi/6.3.1/../../../../arm-none-eabi/lib/thumb/v6-m\libc.a(lib_a-lock.o)
 .text.__retarget_lock_release
                0x00000000        0x4 c:/program files (x86)/atmel/studio/7.0/toolchain/arm/arm-gnu-toolchain/bin/../lib/gcc/arm-none-eabi/6.3.1/../../../../arm-none-eabi/lib/thumb/v6-m\libc.a(lib_a-lock.o)
 .text          0x00000000        0x0 c:/program files (x86)/atmel/studio/7.0/toolchain/arm/arm-gnu-toolchain/bin/../lib/gcc/arm-none-eabi/6.3.1/../../../../arm-none-eabi/lib/thumb/v6-m\libc.a(lib_a-__atexit.o)
 .data          0x00000000        0x0 c:/program files (x86)/atmel/studio/7.0/toolchain/arm/arm-gnu-toolchain/bin/../lib/gcc/arm-none-eabi/6.3.1/../../../../arm-none-eabi/lib/thumb/v6-m\libc.a(lib_a-__atexit.o)
 .bss           0x00000000        0x0 c:/program files (x86)/atmel/studio/7.0/toolchain/arm/arm-gnu-toolchain/bin/../lib/gcc/arm-none-eabi/6.3.1/../../../../arm-none-eabi/lib/thumb/v6-m\libc.a(lib_a-__atexit.o)
 .text          0x00000000        0x0 c:/program files (x86)/atmel/studio/7.0/toolchain/arm/arm-gnu-toolchain/bin/../lib/gcc/arm-none-eabi/6.3.1/thumb/v6-m/crtend.o
 .data          0x00000000        0x0 c:/program files (x86)/atmel/studio/7.0/toolchain/arm/arm-gnu-toolchain/bin/../lib/gcc/arm-none-eabi/6.3.1/thumb/v6-m/crtend.o
 .bss           0x00000000        0x0 c:/program files (x86)/atmel/studio/7.0/toolchain/arm/arm-gnu-toolchain/bin/../lib/gcc/arm-none-eabi/6.3.1/thumb/v6-m/crtend.o
 .eh_frame      0x00000000        0x4 c:/program files (x86)/atmel/studio/7.0/toolchain/arm/arm-gnu-toolchain/bin/../lib/gcc/arm-none-eabi/6.3.1/thumb/v6-m/crtend.o
 .jcr           0x00000000        0x4 c:/program files (x86)/atmel/studio/7.0/toolchain/arm/arm-gnu-toolchain/bin/../lib/gcc/arm-none-eabi/6.3.1/thumb/v6-m/crtend.o
 .ARM.attributes
                0x00000000       0x2c c:/program files (x86)/atmel/studio/7.0/toolchain/arm/arm-gnu-toolchain/bin/../lib/gcc/arm-none-eabi/6.3.1/thumb/v6-m/crtend.o
 .text          0x00000000        0x0 c:/program files (x86)/atmel/studio/7.0/toolchain/arm/arm-gnu-toolchain/bin/../lib/gcc/arm-none-eabi/6.3.1/thumb/v6-m/crtn.o
 .data          0x00000000        0x0 c:/program files (x86)/atmel/studio/7.0/toolchain/arm/arm-gnu-toolchain/bin/../lib/gcc/arm-none-eabi/6.3.1/thumb/v6-m/crtn.o
 .bss           0x00000000        0x0 c:/program files (x86)/atmel/studio/7.0/toolchain/arm/arm-gnu-toolchain/bin/../lib/gcc/arm-none-eabi/6.3.1/thumb/v6-m/crtn.o

Memory Configuration

Name             Origin             Length             Attributes
rom              0x00000000         0x00040000         xr
ram              0x20000000         0x00008000         xrw
*default*        0x00000000         0xffffffff

Linker script and memory map

LOAD c:/program files (x86)/atmel/studio/7.0/toolchain/arm/arm-gnu-toolchain/bin/../lib/gcc/arm-none-eabi/6.3.1/thumb/v6-m/crti.o
LOAD c:/program files (x86)/atmel/studio/7.0/toolchain/arm/arm-gnu-toolchain/bin/../lib/gcc/arm-none-eabi/6.3.1/thumb/v6-m/crtbegin.o
LOAD c:/program files (x86)/atmel/studio/7.0/toolchain/arm/arm-gnu-toolchain/bin/../lib/gcc/arm-none-eabi/6.3.1/../../../../arm-none-eabi/lib/thumb/v6-m/crt0.o
LOAD Device_Startup/startup_samc21.o
LOAD Device_Startup/system_samc21.o
LOAD main.o
START GROUP
LOAD c:/program files (x86)/atmel/studio/7.0/toolchain/arm/arm-gnu-toolchain/bin/../lib/gcc/arm-none-eabi/6.3.1/../../../../arm-none-eabi/lib/thumb/v6-m\libm.a
END GROUP
START GROUP
LOAD c:/program files (x86)/atmel/studio/7.0/toolchain/arm/arm-gnu-toolchain/bin/../lib/gcc/arm-none-eabi/6.3.1/thumb/v6-m\libgcc.a
LOAD c:/program files (x86)/atmel/studio/7.0/toolchain/arm/arm-gnu-toolchain/bin/../lib/gcc/arm-none-eabi/6.3.1/../../../../arm-none-eabi/lib/thumb/v6-m\libc.a
END GROUP
LOAD c:/program files (x86)/atmel/studio/7.0/toolchain/arm/arm-gnu-toolchain/bin/../lib/gcc/arm-none-eabi/6.3.1/thumb/v6-m/crtend.o
LOAD c:/program files (x86)/atmel/studio/7.0/toolchain/arm/arm-gnu-toolchain/bin/../lib/gcc/arm-none-eabi/6.3.1/thumb/v6-m/crtn.o
                0x00002000                STACK_SIZE = DEFINED (STACK_SIZE)?STACK_SIZE:DEFINED (__stack_size__)?__stack_size__:0x2000

.text           0x00000000      0x3b4
                0x00000000                . = ALIGN (0x4)
                0x00000000                _sfixed = .
 *(.vectors .vectors.*)
 .vectors       0x00000000       0xbc Device_Startup/startup_samc21.o
                0x00000000                exception_table
 *(.text .text.* .gnu.linkonce.t.*)
 .text          0x000000bc       0x60 c:/program files (x86)/atmel/studio/7.0/toolchain/arm/arm-gnu-toolchain/bin/../lib/gcc/arm-none-eabi/6.3.1/thumb/v6-m/crtbegin.o
 .text.Dummy_Handler
                0x0000011c        0x2 Device_Startup/startup_samc21.o
                0x0000011c                SVCall_Handler
                0x0000011c                DMAC_Handler
                0x0000011c                HardFault_Handler
                0x0000011c                TC2_Handler
                0x0000011c                AC_Handler
                0x0000011c                SysTick_Handler
                0x0000011c                PendSV_Handler
                0x0000011c                SERCOM1_Handler
                0x0000011c                NonMaskableInt_Handler
                0x0000011c                TCC1_Handler
                0x0000011c                SERCOM2_Handler
                0x0000011c                TCC0_Handler
                0x0000011c                RTC_Handler
                0x0000011c                ADC1_Handler
                0x0000011c                EIC_Handler
                0x0000011c                WDT_Handler
                0x0000011c                CAN0_Handler
                0x0000011c                TC4_Handler
                0x0000011c                TC1_Handler
                0x0000011c                TC3_Handler
                0x0000011c                SDADC_Handler
                0x0000011c                Dummy_Handler
                0x0000011c                ADC0_Handler
                0x0000011c                TSENS_Handler
                0x0000011c                TCC2_Handler
                0x0000011c                EVSYS_Handler
                0x0000011c                SERCOM3_Handler
                0x0000011c                NVMCTRL_Handler
                0x0000011c                SYSTEM_Handler
                0x0000011c                SERCOM0_Handler
                0x0000011c                DAC_Handler
                0x0000011c                PTC_Handler
                0x0000011c                FREQM_Handler
                0x0000011c                TC0_Handler
 *fill*         0x0000011e        0x2 
 .text.Reset_Handler
                0x00000120       0x68 Device_Startup/startup_samc21.o
                0x00000120                Reset_Handler
 .text.SystemInit
                0x00000188       0x10 Device_Startup/system_samc21.o
                0x00000188                SystemInit
 .text.main     0x00000198       0x54 main.o
                0x00000198                main
 .text.__libc_init_array
                0x000001ec       0x48 c:/program files (x86)/atmel/studio/7.0/toolchain/arm/arm-gnu-toolchain/bin/../lib/gcc/arm-none-eabi/6.3.1/../../../../arm-none-eabi/lib/thumb/v6-m\libc.a(lib_a-init.o)
                0x000001ec                __libc_init_array
 .text.startup.register_fini
                0x00000234       0x18 c:/program files (x86)/atmel/studio/7.0/toolchain/arm/arm-gnu-toolchain/bin/../lib/gcc/arm-none-eabi/6.3.1/../../../../arm-none-eabi/lib/thumb/v6-m\libc.a(lib_a-__call_atexit.o)
 .text.atexit   0x0000024c       0x10 c:/program files (x86)/atmel/studio/7.0/toolchain/arm/arm-gnu-toolchain/bin/../lib/gcc/arm-none-eabi/6.3.1/../../../../arm-none-eabi/lib/thumb/v6-m\libc.a(lib_a-atexit.o)
                0x0000024c                atexit
 .text.__libc_fini_array
                0x0000025c       0x34 c:/program files (x86)/atmel/studio/7.0/toolchain/arm/arm-gnu-toolchain/bin/../lib/gcc/arm-none-eabi/6.3.1/../../../../arm-none-eabi/lib/thumb/v6-m\libc.a(lib_a-fini.o)
                0x0000025c                __libc_fini_array
 .text.__retarget_lock_acquire_recursive
                0x00000290        0x4 c:/program files (x86)/atmel/studio/7.0/toolchain/arm/arm-gnu-toolchain/bin/../lib/gcc/arm-none-eabi/6.3.1/../../../../arm-none-eabi/lib/thumb/v6-m\libc.a(lib_a-lock.o)
                0x00000290                __retarget_lock_acquire_recursive
 .text.__retarget_lock_release_recursive
                0x00000294        0x4 c:/program files (x86)/atmel/studio/7.0/toolchain/arm/arm-gnu-toolchain/bin/../lib/gcc/arm-none-eabi/6.3.1/../../../../arm-none-eabi/lib/thumb/v6-m\libc.a(lib_a-lock.o)
                0x00000294                __retarget_lock_release_recursive
 .text.__register_exitproc
                0x00000298       0xf4 c:/program files (x86)/atmel/studio/7.0/toolchain/arm/arm-gnu-toolchain/bin/../lib/gcc/arm-none-eabi/6.3.1/../../../../arm-none-eabi/lib/thumb/v6-m\libc.a(lib_a-__atexit.o)
                0x00000298                __register_exitproc
 *(.glue_7t)
 .glue_7t       0x0000038c        0x0 linker stubs
 *(.glue_7)
 .glue_7        0x0000038c        0x0 linker stubs
 *(.rodata .rodata* .gnu.linkonce.r.*)
 .rodata._global_impure_ptr
                0x0000038c        0x4 c:/program files (x86)/atmel/studio/7.0/toolchain/arm/arm-gnu-toolchain/bin/../lib/gcc/arm-none-eabi/6.3.1/../../../../arm-none-eabi/lib/thumb/v6-m\libc.a(lib_a-impure.o)
                0x0000038c                _global_impure_ptr
 *(.ARM.extab* .gnu.linkonce.armextab.*)
                0x00000390                . = ALIGN (0x4)
 *(.init)
 .init          0x00000390        0x4 c:/program files (x86)/atmel/studio/7.0/toolchain/arm/arm-gnu-toolchain/bin/../lib/gcc/arm-none-eabi/6.3.1/thumb/v6-m/crti.o
                0x00000390                _init
 .init          0x00000394        0x8 c:/program files (x86)/atmel/studio/7.0/toolchain/arm/arm-gnu-toolchain/bin/../lib/gcc/arm-none-eabi/6.3.1/thumb/v6-m/crtn.o
                0x0000039c                . = ALIGN (0x4)
                0x0000039c                __preinit_array_start = .
 *(.preinit_array)
                0x0000039c                __preinit_array_end = .
                0x0000039c                . = ALIGN (0x4)
                0x0000039c                __init_array_start = .
 *(SORT(.init_array.*))
 .init_array.00000
                0x0000039c        0x4 c:/program files (x86)/atmel/studio/7.0/toolchain/arm/arm-gnu-toolchain/bin/../lib/gcc/arm-none-eabi/6.3.1/../../../../arm-none-eabi/lib/thumb/v6-m\libc.a(lib_a-__call_atexit.o)
 *(.init_array)
 .init_array    0x000003a0        0x4 c:/program files (x86)/atmel/studio/7.0/toolchain/arm/arm-gnu-toolchain/bin/../lib/gcc/arm-none-eabi/6.3.1/thumb/v6-m/crtbegin.o
                0x000003a4                __init_array_end = .
                0x000003a4                . = ALIGN (0x4)
 *crtbegin.o(.ctors)
 *(EXCLUDE_FILE(*crtend.o) .ctors)
 *(SORT(.ctors.*))
 *crtend.o(.ctors)
                0x000003a4                . = ALIGN (0x4)
 *(.fini)
 .fini          0x000003a4        0x4 c:/program files (x86)/atmel/studio/7.0/toolchain/arm/arm-gnu-toolchain/bin/../lib/gcc/arm-none-eabi/6.3.1/thumb/v6-m/crti.o
                0x000003a4                _fini
 .fini          0x000003a8        0x8 c:/program files (x86)/atmel/studio/7.0/toolchain/arm/arm-gnu-toolchain/bin/../lib/gcc/arm-none-eabi/6.3.1/thumb/v6-m/crtn.o
                0x000003b0                . = ALIGN (0x4)
                0x000003b0                __fini_array_start = .
 *(.fini_array)
 .fini_array    0x000003b0        0x4 c:/program files (x86)/atmel/studio/7.0/toolchain/arm/arm-gnu-toolchain/bin/../lib/gcc/arm-none-eabi/6.3.1/thumb/v6-m/crtbegin.o
 *(SORT(.fini_array.*))
                0x000003b4                __fini_array_end = .
 *crtbegin.o(.dtors)
 *(EXCLUDE_FILE(*crtend.o) .dtors)
 *(SORT(.dtors.*))
 *crtend.o(.dtors)
                0x000003b4                . = ALIGN (0x4)
                0x000003b4                _efixed = .
                [!provide]                PROVIDE (__exidx_start, .)

.vfp11_veneer   0x000003b4        0x0
 .vfp11_veneer  0x000003b4        0x0 linker stubs

.v4_bx          0x000003b4        0x0
 .v4_bx         0x000003b4        0x0 linker stubs

.iplt           0x000003b4        0x0
 .iplt          0x000003b4        0x0 c:/program files (x86)/atmel/studio/7.0/toolchain/arm/arm-gnu-toolchain/bin/../lib/gcc/arm-none-eabi/6.3.1/thumb/v6-m/crtbegin.o

.eh_frame       0x000003b4        0x0
 .eh_frame      0x000003b4        0x0 c:/program files (x86)/atmel/studio/7.0/toolchain/arm/arm-gnu-toolchain/bin/../lib/gcc/arm-none-eabi/6.3.1/thumb/v6-m/crtbegin.o

.rel.dyn        0x000003b4        0x0
 .rel.iplt      0x000003b4        0x0 c:/program files (x86)/atmel/studio/7.0/toolchain/arm/arm-gnu-toolchain/bin/../lib/gcc/arm-none-eabi/6.3.1/thumb/v6-m/crtbegin.o

.jcr            0x000003b4        0x0
 .jcr           0x000003b4        0x0 c:/program files (x86)/atmel/studio/7.0/toolchain/arm/arm-gnu-toolchain/bin/../lib/gcc/arm-none-eabi/6.3.1/thumb/v6-m/crtbegin.o

.igot.plt       0x000003b4        0x0
 .igot.plt      0x000003b4        0x0 c:/program files (x86)/atmel/studio/7.0/toolchain/arm/arm-gnu-toolchain/bin/../lib/gcc/arm-none-eabi/6.3.1/thumb/v6-m/crtbegin.o

.ARM.exidx
 *(.ARM.exidx* .gnu.linkonce.armexidx.*)
                [!provide]                PROVIDE (__exidx_end, .)
                0x000003b4                . = ALIGN (0x4)
                0x000003b4                _etext = .

.relocate       0x20000000      0x434 load address 0x000003b4
                0x20000000                . = ALIGN (0x4)
                0x20000000                _srelocate = .
 *(.ramfunc .ramfunc.*)
 *(.data .data.*)
 .data          0x20000000        0x4 Device_Startup/system_samc21.o
                0x20000000                SystemCoreClock
 *fill*         0x20000004        0x4 
 .data.impure_data
                0x20000008      0x428 c:/program files (x86)/atmel/studio/7.0/toolchain/arm/arm-gnu-toolchain/bin/../lib/gcc/arm-none-eabi/6.3.1/../../../../arm-none-eabi/lib/thumb/v6-m\libc.a(lib_a-impure.o)
 .data.__atexit_recursive_mutex
                0x20000430        0x4 c:/program files (x86)/atmel/studio/7.0/toolchain/arm/arm-gnu-toolchain/bin/../lib/gcc/arm-none-eabi/6.3.1/../../../../arm-none-eabi/lib/thumb/v6-m\libc.a(lib_a-__call_atexit.o)
                0x20000430                __atexit_recursive_mutex
                0x20000434                . = ALIGN (0x4)
                0x20000434                _erelocate = .

.bss            0x20000434       0x40 load address 0x000007e8
                0x20000434                . = ALIGN (0x4)
                0x20000434                _sbss = .
                0x20000434                _szero = .
 *(.bss .bss.*)
 .bss           0x20000434       0x1c c:/program files (x86)/atmel/studio/7.0/toolchain/arm/arm-gnu-toolchain/bin/../lib/gcc/arm-none-eabi/6.3.1/thumb/v6-m/crtbegin.o
 *(COMMON)
 COMMON         0x20000450       0x21 c:/program files (x86)/atmel/studio/7.0/toolchain/arm/arm-gnu-toolchain/bin/../lib/gcc/arm-none-eabi/6.3.1/../../../../arm-none-eabi/lib/thumb/v6-m\libc.a(lib_a-lock.o)
                0x20000450                __lock___atexit_recursive_mutex
                0x20000454                __lock___arc4random_mutex
                0x20000458                __lock___env_recursive_mutex
                0x2000045c                __lock___sinit_recursive_mutex
                0x20000460                __lock___malloc_recursive_mutex
                0x20000464                __lock___at_quick_exit_mutex
                0x20000468                __lock___dd_hash_mutex
                0x2000046c                __lock___tz_mutex
                0x20000470                __lock___sfp_recursive_mutex
                0x20000474                . = ALIGN (0x4)
 *fill*         0x20000471        0x3 
                0x20000474                _ebss = .
                0x20000474                _ezero = .

.stack          0x20000474     0x2004 load address 0x00000828
                0x20000478                . = ALIGN (0x8)
 *fill*         0x20000474        0x4 
                0x20000478                _sstack = .
                0x20002478                . = (. + STACK_SIZE)
 *fill*         0x20000478     0x2000 
                0x20002478                . = ALIGN (0x8)
                0x20002478                _estack = .
                0x20002478                . = ALIGN (0x4)
                0x20002478                _end = .
OUTPUT(Test.elf elf32-littlearm)

.ARM.attributes
                0x00000000       0x28
 .ARM.attributes
                0x00000000       0x1e c:/program files (x86)/atmel/studio/7.0/toolchain/arm/arm-gnu-toolchain/bin/../lib/gcc/arm-none-eabi/6.3.1/thumb/v6-m/crti.o
 .ARM.attributes
                0x0000001e       0x2c c:/program files (x86)/atmel/studio/7.0/toolchain/arm/arm-gnu-toolchain/bin/../lib/gcc/arm-none-eabi/6.3.1/thumb/v6-m/crtbegin.o
 .ARM.attributes
                0x0000004a       0x32 Device_Startup/startup_samc21.o
 .ARM.attributes
                0x0000007c       0x32 Device_Startup/system_samc21.o
 .ARM.attributes
                0x000000ae       0x32 main.o
 .ARM.attributes
                0x000000e0       0x2c c:/program files (x86)/atmel/studio/7.0/toolchain/arm/arm-gnu-toolchain/bin/../lib/gcc/arm-none-eabi/6.3.1/../../../../arm-none-eabi/lib/thumb/v6-m\libc.a(lib_a-impure.o)
 .ARM.attributes
                0x0000010c       0x2c c:/program files (x86)/atmel/studio/7.0/toolchain/arm/arm-gnu-toolchain/bin/../lib/gcc/arm-none-eabi/6.3.1/../../../../arm-none-eabi/lib/thumb/v6-m\libc.a(lib_a-init.o)
 .ARM.attributes
                0x00000138       0x2c c:/program files (x86)/atmel/studio/7.0/toolchain/arm/arm-gnu-toolchain/bin/../lib/gcc/arm-none-eabi/6.3.1/../../../../arm-none-eabi/lib/thumb/v6-m\libc.a(lib_a-__call_atexit.o)
 .ARM.attributes
                0x00000164       0x2c c:/program files (x86)/atmel/studio/7.0/toolchain/arm/arm-gnu-toolchain/bin/../lib/gcc/arm-none-eabi/6.3.1/../../../../arm-none-eabi/lib/thumb/v6-m\libc.a(lib_a-atexit.o)
 .ARM.attributes
                0x00000190       0x2c c:/program files (x86)/atmel/studio/7.0/toolchain/arm/arm-gnu-toolchain/bin/../lib/gcc/arm-none-eabi/6.3.1/../../../../arm-none-eabi/lib/thumb/v6-m\libc.a(lib_a-fini.o)
 .ARM.attributes
                0x000001bc       0x2c c:/program files (x86)/atmel/studio/7.0/toolchain/arm/arm-gnu-toolchain/bin/../lib/gcc/arm-none-eabi/6.3.1/../../../../arm-none-eabi/lib/thumb/v6-m\libc.a(lib_a-lock.o)
 .ARM.attributes
                0x000001e8       0x2c c:/program files (x86)/atmel/studio/7.0/toolchain/arm/arm-gnu-toolchain/bin/../lib/gcc/arm-none-eabi/6.3.1/../../../../arm-none-eabi/lib/thumb/v6-m\libc.a(lib_a-__atexit.o)
 .ARM.attributes
                0x00000214       0x1e c:/program files (x86)/atmel/studio/7.0/toolchain/arm/arm-gnu-toolchain/bin/../lib/gcc/arm-none-eabi/6.3.1/thumb/v6-m/crtn.o

.comment        0x00000000       0x59
 .comment       0x00000000       0x59 Device_Startup/startup_samc21.o
                                 0x5a (size before relaxing)
 .comment       0x00000059       0x5a Device_Startup/system_samc21.o
 .comment       0x00000059       0x5a main.o

.debug_info     0x00000000      0xcce
 .debug_info    0x00000000      0x527 Device_Startup/startup_samc21.o
 .debug_info    0x00000527       0xd5 Device_Startup/system_samc21.o
 .debug_info    0x000005fc      0x6d2 main.o

.debug_abbrev   0x00000000      0x322
 .debug_abbrev  0x00000000      0x142 Device_Startup/startup_samc21.o
 .debug_abbrev  0x00000142       0x72 Device_Startup/system_samc21.o
 .debug_abbrev  0x000001b4      0x16e main.o

.debug_loc      0x00000000       0xb7
 .debug_loc     0x00000000       0x78 Device_Startup/startup_samc21.o
 .debug_loc     0x00000078       0x3f main.o

.debug_aranges  0x00000000       0x70
 .debug_aranges
                0x00000000       0x28 Device_Startup/startup_samc21.o
 .debug_aranges
                0x00000028       0x28 Device_Startup/system_samc21.o
 .debug_aranges
                0x00000050       0x20 main.o

.debug_ranges   0x00000000       0x58
 .debug_ranges  0x00000000       0x18 Device_Startup/startup_samc21.o
 .debug_ranges  0x00000018       0x18 Device_Startup/system_samc21.o
 .debug_ranges  0x00000030       0x28 main.o

.debug_macro    0x00000000    0x14298
 .debug_macro   0x00000000      0x39c Device_Startup/startup_samc21.o
 .debug_macro   0x0000039c      0x89e Device_Startup/startup_samc21.o
 .debug_macro   0x00000c3a       0x22 Device_Startup/startup_samc21.o
 .debug_macro   0x00000c5c       0x87 Device_Startup/startup_samc21.o
 .debug_macro   0x00000ce3       0x51 Device_Startup/startup_samc21.o
 .debug_macro   0x00000d34       0xef Device_Startup/startup_samc21.o
 .debug_macro   0x00000e23       0x6a Device_Startup/startup_samc21.o
 .debug_macro   0x00000e8d      0x1df Device_Startup/startup_samc21.o
 .debug_macro   0x0000106c       0x39 Device_Startup/startup_samc21.o
 .debug_macro   0x000010a5       0x1c Device_Startup/startup_samc21.o
 .debug_macro   0x000010c1       0x22 Device_Startup/startup_samc21.o
 .debug_macro   0x000010e3       0xb5 Device_Startup/startup_samc21.o
 .debug_macro   0x00001198      0x4da Device_Startup/startup_samc21.o
 .debug_macro   0x00001672      0x11f Device_Startup/startup_samc21.o
 .debug_macro   0x00001791      0x897 Device_Startup/startup_samc21.o
 .debug_macro   0x00002028      0x8c0 Device_Startup/startup_samc21.o
 .debug_macro   0x000028e8     0x2d61 Device_Startup/startup_samc21.o
 .debug_macro   0x00005649      0x21e Device_Startup/startup_samc21.o
 .debug_macro   0x00005867      0x282 Device_Startup/startup_samc21.o
 .debug_macro   0x00005ae9      0x130 Device_Startup/startup_samc21.o
 .debug_macro   0x00005c19      0xd32 Device_Startup/startup_samc21.o
 .debug_macro   0x0000694b      0x61f Device_Startup/startup_samc21.o
 .debug_macro   0x00006f6a      0x5be Device_Startup/startup_samc21.o
 .debug_macro   0x00007528      0x824 Device_Startup/startup_samc21.o
 .debug_macro   0x00007d4c      0x172 Device_Startup/startup_samc21.o
 .debug_macro   0x00007ebe      0x306 Device_Startup/startup_samc21.o
 .debug_macro   0x000081c4      0x55f Device_Startup/startup_samc21.o
 .debug_macro   0x00008723      0x421 Device_Startup/startup_samc21.o
 .debug_macro   0x00008b44      0x21c Device_Startup/startup_samc21.o
 .debug_macro   0x00008d60      0x719 Device_Startup/startup_samc21.o
 .debug_macro   0x00009479      0x5ab Device_Startup/startup_samc21.o
 .debug_macro   0x00009a24      0x335 Device_Startup/startup_samc21.o
 .debug_macro   0x00009d59      0x68d Device_Startup/startup_samc21.o
 .debug_macro   0x0000a3e6       0xc4 Device_Startup/startup_samc21.o
 .debug_macro   0x0000a4aa      0x340 Device_Startup/startup_samc21.o
 .debug_macro   0x0000a7ea       0x6a Device_Startup/startup_samc21.o
 .debug_macro   0x0000a854     0x124b Device_Startup/startup_samc21.o
 .debug_macro   0x0000ba9f      0x5a5 Device_Startup/startup_samc21.o
 .debug_macro   0x0000c044      0xfc4 Device_Startup/startup_samc21.o
 .debug_macro   0x0000d008      0x59e Device_Startup/startup_samc21.o
 .debug_macro   0x0000d5a6      0x8ae Device_Startup/startup_samc21.o
 .debug_macro   0x0000de54     0x19be Device_Startup/startup_samc21.o
 .debug_macro   0x0000f812      0x39c Device_Startup/startup_samc21.o
 .debug_macro   0x0000fbae      0x36a Device_Startup/startup_samc21.o
 .debug_macro   0x0000ff18       0x94 Device_Startup/startup_samc21.o
 .debug_macro   0x0000ffac       0xac Device_Startup/startup_samc21.o
 .debug_macro   0x00010058       0xac Device_Startup/startup_samc21.o
 .debug_macro   0x00010104      0x149 Device_Startup/startup_samc21.o
 .debug_macro   0x0001024d       0x4c Device_Startup/startup_samc21.o
 .debug_macro   0x00010299       0x58 Device_Startup/startup_samc21.o
 .debug_macro   0x000102f1       0x3a Device_Startup/startup_samc21.o
 .debug_macro   0x0001032b       0xd6 Device_Startup/startup_samc21.o
 .debug_macro   0x00010401       0xb8 Device_Startup/startup_samc21.o
 .debug_macro   0x000104b9       0x64 Device_Startup/startup_samc21.o
 .debug_macro   0x0001051d      0x5d7 Device_Startup/startup_samc21.o
 .debug_macro   0x00010af4       0x4c Device_Startup/startup_samc21.o
 .debug_macro   0x00010b40      0x1be Device_Startup/startup_samc21.o
 .debug_macro   0x00010cfe      0x184 Device_Startup/startup_samc21.o
 .debug_macro   0x00010e82       0x52 Device_Startup/startup_samc21.o
 .debug_macro   0x00010ed4       0xa0 Device_Startup/startup_samc21.o
 .debug_macro   0x00010f74       0xd6 Device_Startup/startup_samc21.o
 .debug_macro   0x0001104a       0x94 Device_Startup/startup_samc21.o
 .debug_macro   0x000110de       0x4c Device_Startup/startup_samc21.o
 .debug_macro   0x0001112a       0x64 Device_Startup/startup_samc21.o
 .debug_macro   0x0001118e       0x22 Device_Startup/startup_samc21.o
 .debug_macro   0x000111b0      0x16c Device_Startup/startup_samc21.o
 .debug_macro   0x0001131c       0x2e Device_Startup/startup_samc21.o
 .debug_macro   0x0001134a       0x16 Device_Startup/startup_samc21.o
 .debug_macro   0x00011360       0xd6 Device_Startup/startup_samc21.o
 .debug_macro   0x00011436       0xa0 Device_Startup/startup_samc21.o
 .debug_macro   0x000114d6      0x133 Device_Startup/startup_samc21.o
 .debug_macro   0x00011609      0x133 Device_Startup/startup_samc21.o
 .debug_macro   0x0001173c      0x133 Device_Startup/startup_samc21.o
 .debug_macro   0x0001186f      0x133 Device_Startup/startup_samc21.o
 .debug_macro   0x000119a2       0x4c Device_Startup/startup_samc21.o
 .debug_macro   0x000119ee       0xfa Device_Startup/startup_samc21.o
 .debug_macro   0x00011ae8       0xfa Device_Startup/startup_samc21.o
 .debug_macro   0x00011be2       0xfa Device_Startup/startup_samc21.o
 .debug_macro   0x00011cdc       0xfa Device_Startup/startup_samc21.o
 .debug_macro   0x00011dd6       0xfa Device_Startup/startup_samc21.o
 .debug_macro   0x00011ed0      0x124 Device_Startup/startup_samc21.o
 .debug_macro   0x00011ff4       0xfa Device_Startup/startup_samc21.o
 .debug_macro   0x000120ee       0xee Device_Startup/startup_samc21.o
 .debug_macro   0x000121dc       0x76 Device_Startup/startup_samc21.o
 .debug_macro   0x00012252       0x3a Device_Startup/startup_samc21.o
 .debug_macro   0x0001228c      0x441 Device_Startup/startup_samc21.o
 .debug_macro   0x000126cd     0x140b Device_Startup/startup_samc21.o
 .debug_macro   0x00013ad8       0x82 Device_Startup/startup_samc21.o
 .debug_macro   0x00013b5a      0x3a2 Device_Startup/system_samc21.o
 .debug_macro   0x00013efc      0x39c main.o

.debug_line     0x00000000     0x16af
 .debug_line    0x00000000      0x7a2 Device_Startup/startup_samc21.o
 .debug_line    0x000007a2      0x791 Device_Startup/system_samc21.o
 .debug_line    0x00000f33      0x77c main.o

.debug_str      0x00000000    0x7c138
 .debug_str     0x00000000    0x7bee6 Device_Startup/startup_samc21.o
                              0x7c8ef (size before relaxing)
 .debug_str     0x0007bee6       0x5c Device_Startup/system_samc21.o
                              0x7c55c (size before relaxing)
 .debug_str     0x0007bf42      0x1f6 main.o
                              0x7c71b (size before relaxing)

.debug_frame    0x00000000      0x250
 .debug_frame   0x00000000       0x38 Device_Startup/startup_samc21.o
 .debug_frame   0x00000038       0x30 Device_Startup/system_samc21.o
 .debug_frame   0x00000068       0x28 main.o
 .debug_frame   0x00000090       0x2c c:/program files (x86)/atmel/studio/7.0/toolchain/arm/arm-gnu-toolchain/bin/../lib/gcc/arm-none-eabi/6.3.1/../../../../arm-none-eabi/lib/thumb/v6-m\libc.a(lib_a-init.o)
 .debug_frame   0x000000bc       0x54 c:/program files (x86)/atmel/studio/7.0/toolchain/arm/arm-gnu-toolchain/bin/../lib/gcc/arm-none-eabi/6.3.1/../../../../arm-none-eabi/lib/thumb/v6-m\libc.a(lib_a-__call_atexit.o)
 .debug_frame   0x00000110       0x28 c:/program files (x86)/atmel/studio/7.0/toolchain/arm/arm-gnu-toolchain/bin/../lib/gcc/arm-none-eabi/6.3.1/../../../../arm-none-eabi/lib/thumb/v6-m\libc.a(lib_a-atexit.o)
 .debug_frame   0x00000138       0x2c c:/program files (x86)/atmel/studio/7.0/toolchain/arm/arm-gnu-toolchain/bin/../lib/gcc/arm-none-eabi/6.3.1/../../../../arm-none-eabi/lib/thumb/v6-m\libc.a(lib_a-fini.o)
 .debug_frame   0x00000164       0xb0 c:/program files (x86)/atmel/studio/7.0/toolchain/arm/arm-gnu-toolchain/bin/../lib/gcc/arm-none-eabi/6.3.1/../../../../arm-none-eabi/lib/thumb/v6-m\libc.a(lib_a-lock.o)
 .debug_frame   0x00000214       0x3c c:/program files (x86)/atmel/studio/7.0/toolchain/arm/arm-gnu-toolchain/bin/../lib/gcc/arm-none-eabi/6.3.1/../../../../arm-none-eabi/lib/thumb/v6-m\libc.a(lib_a-__atexit.o)
